// Jest Snapshot v1, https://goo.gl/fbAQLP

exports[`should match the snapshot 1`] = `
<section>
  <h1>
    Home Page
  </h1>
  <section
    className="calc"
  >
    <span>
      Lets do some Math
    </span>
    <div
      className="container"
    >
      <div
        className="grid-container"
      >
        <div
          className="item1"
        >
          <p
            className="result"
          >
            0
          </p>
        </div>
        <button
          className="item"
          onClick={[Function]}
          type="button"
          value="AC"
        >
          AC
        </button>
        <button
          className="item"
          onClick={[Function]}
          type="button"
          value="+/-"
        >
          +/-
        </button>
        <button
          className="item"
          onClick={[Function]}
          type="button"
          value="%"
        >
          %
        </button>
        <button
          className="item2"
          onClick={[Function]}
          type="button"
          value="รท"
        >
          รท
        </button>
        <button
          className="item"
          onClick={[Function]}
          type="button"
          value="7"
        >
          7
        </button>
        <button
          className="item"
          onClick={[Function]}
          type="button"
          value="8"
        >
          8
        </button>
        <button
          className="item"
          onClick={[Function]}
          type="button"
          value="9"
        >
          9
        </button>
        <button
          className="item2"
          onClick={[Function]}
          type="button"
          value="x"
        >
          x
        </button>
        <button
          className="item"
          onClick={[Function]}
          type="button"
          value="4"
        >
          4
        </button>
        <button
          className="item"
          onClick={[Function]}
          type="button"
          value="5"
        >
          5
        </button>
        <button
          className="item"
          onClick={[Function]}
          type="button"
          value="6"
        >
          6
        </button>
        <button
          className="item2"
          onClick={[Function]}
          type="button"
          value="-"
        >
          -
        </button>
        <button
          className="item"
          onClick={[Function]}
          type="button"
          value="1"
        >
          1
        </button>
        <button
          className="item"
          onClick={[Function]}
          type="button"
          value="2"
        >
          2
        </button>
        <button
          className="item"
          onClick={[Function]}
          type="button"
          value="3"
        >
          3
        </button>
        <button
          className="item2"
          onClick={[Function]}
          type="button"
          value="+"
        >
          +
        </button>
        <button
          className="item18"
          onClick={[Function]}
          type="button"
          value="0"
        >
          0
        </button>
        <button
          className="item"
          onClick={[Function]}
          type="button"
          value="."
        >
          .
        </button>
        <button
          className="item2"
          onClick={[Function]}
          type="button"
          value="="
        >
          =
        </button>
      </div>
    </div>
  </section>
</section>
`;
